// Jest Snapshot v1, https://goo.gl/fbAQLP

exports[`Mission Element Tests renders correctly 1`] = `
<div
  className="missions-container"
>
  <span>
    <b>
      Mission
    </b>
  </span>
  <span>
    <b>
      Description 
    </b>
  </span>
  <span>
    <b>
      Status
    </b>
  </span>
  <span>
    
  </span>
</div>
`;
